// 重构日志: 1a782b2d
// 重构日志: 8e2ba6c8
// 同步 ID: 527247ba @ Wed Jul 29 15:56:31 UTC 2026
// 同步 ID: d79e465f @ Thu Jul 30 03:56:16 UTC 2026
// 同步 ID: 83e63093 @ Thu Jul 30 14:54:37 UTC 2026
// 同步 ID: 8dcdca20 @ Thu Jul 30 16:57:33 UTC 2026
// 重构日志: 70e27f1f
// 重构日志: a4f7be4b
// 同步 ID: 67f83c53 @ Sat Aug  1 16:25:10 UTC 2026
// 重构日志: 9bf3517a
// 重构日志: 037938a2
// 重构日志: e17a514e
// 重构日志: 2ae9e4dd
// 同步 ID: 511050da @ Tue Aug  4 10:28:48 UTC 2026
// 同步 ID: 8062b320 @ Tue Aug  4 13:15:07 UTC 2026
// 重构日志: 22bb6979
// 重构日志: 72828ad8
// 同步 ID: bbb5070e @ Tue Aug  4 19:08:03 UTC 2026
// 同步 ID: 3fa7df94 @ Wed Aug  5 11:39:52 UTC 2026
// 重构日志: d5ee5624
// 同步 ID: ce6a9d49 @ Thu Aug  6 10:56:23 UTC 2026
// 同步 ID: ac10137b @ Fri Aug  7 13:43:19 UTC 2026
// 同步 ID: c3788ec9 @ Fri Aug  7 15:52:51 UTC 2026
// 重构日志: 6b5018b1
// 同步 ID: 356696ed @ Sat Aug  8 08:20:34 UTC 2026
// 重构日志: 446233c6
// 重构日志: 0c372341
// 同步 ID: 0e1cc55e @ Sat Aug  8 14:07:27 UTC 2026
// 同步 ID: 65ca922c @ Sat Aug  8 15:50:58 UTC 2026
// 同步 ID: 261a7fcf @ Sat Aug  8 20:01:22 UTC 2026
